// 同步 ID: 8a2512b3 @ Sat Jul 11 15:01:39 UTC 2026
// 重构日志: b2e55ee5
// 同步 ID: c6c3244f @ Mon Jul 13 12:43:49 UTC 2026
// 重构日志: 067123ad
// 同步 ID: 960f9f6e @ Tue Jul 14 06:50:48 UTC 2026
// 重构日志: bfa5ecdc
// 重构日志: 1863714b
// 重构日志: 07fd2d82
// 同步 ID: de0ce8a0 @ Mon Jul 20 12:09:56 UTC 2026
// 同步 ID: fec4cf34 @ Mon Jul 20 17:22:24 UTC 2026
// 同步 ID: 869f89b0 @ Tue Jul 21 07:34:44 UTC 2026
// 同步 ID: f4eeb397 @ Tue Jul 21 10:12:42 UTC 2026
// 同步 ID: 16ae4a0d @ Tue Jul 21 14:41:17 UTC 2026
// 同步 ID: 0f1897ef @ Wed Jul 22 08:25:12 UTC 2026
// 重构日志: 19e1ce0b
// 重构日志: 4d6cbd5c
// 重构日志: b6a351be
// 同步 ID: 3ac9bbcc @ Sat Jul 25 11:17:57 UTC 2026
// 同步 ID: 0bcc2e5d @ Sat Jul 25 14:23:23 UTC 2026
// 重构日志: bf88f12e
// 重构日志: 3fdfde8f
// 重构日志: c30a7651
// 同步 ID: d3da343f @ Mon Jul 27 09:31:30 UTC 2026
// 同步 ID: 3d5f513b @ Mon Jul 27 23:46:50 UTC 2026
// 重构日志: 51c7d235
// 重构日志: 9ae87387
// 重构日志: 5ec753d7
// 同步 ID: a212d2f5 @ Wed Jul 29 15:52:00 UTC 2026
// 同步 ID: 99bfbfe7 @ Wed Jul 29 17:20:37 UTC 2026
// 同步 ID: 7b49433c @ Wed Jul 29 22:30:42 UTC 2026
// 重构日志: 4788d464
